d:\ai-bmt\ai_bmt_gui_submitter_windows\ai_bmt_gui_submitter_windows_msvc2022_64bit\x64\release\vc143.pdb
d:\ai-bmt\ai_bmt_gui_submitter_windows\ai_bmt_gui_submitter_windows_msvc2022_64bit\x64\release\objectdetection_implementation.obj
d:\ai-bmt\ai_bmt_gui_submitter_windows\ai_bmt_gui_submitter_windows_msvc2022_64bit\x64\release\main.obj
d:\ai-bmt\ai_bmt_gui_submitter_windows\ai_bmt_gui_submitter_windows_msvc2022_64bit\x64\release\segmentation_implementation.obj
d:\ai-bmt\ai_bmt_gui_submitter_windows\ai_bmt_gui_submitter_windows_msvc2022_64bit\x64\release\imageclassification_implementaion.obj
d:\ai-bmt\ai_bmt_gui_submitter_windows\ai_bmt_gui_submitter_windows_msvc2022_64bit\x64\release\imageclassification_customdataset_interface_implementation.obj
d:\ai-bmt\ai_bmt_gui_submitter_windows\x64\release\ai_bmt_gui_submitter_windows_msvc2022_64bit.exe
d:\ai-bmt\ai_bmt_gui_submitter_windows\x64\release\ai_bmt_gui_submitter_windows_msvc2022_64bit.pdb
d:\ai-bmt\ai_bmt_gui_submitter_windows\x64\release\ai_bmt_gui_submitter_windows_msvc2022_64bit.lib
d:\ai-bmt\ai_bmt_gui_submitter_windows\x64\release\ai_bmt_gui_submitter_windows_msvc2022_64bit.exp
d:\ai-bmt\ai_bmt_gui_submitter_windows\ai_bmt_gui_submitter_windows_msvc2022_64bit\x64\release\ai_bmt_gui_submitter_windows_msvc2022_64bit.ipdb
d:\ai-bmt\ai_bmt_gui_submitter_windows\ai_bmt_gui_submitter_windows_msvc2022_64bit\x64\release\ai_bmt_gui_submitter_windows_msvc2022_64bit.iobj
d:\ai-bmt\ai_bmt_gui_submitter_windows\ai_bmt_gui_submitter_windows_msvc2022_64bit\x64\release\ai_bmt_g.107b0b7e.tlog\cl.command.1.tlog
d:\ai-bmt\ai_bmt_gui_submitter_windows\ai_bmt_gui_submitter_windows_msvc2022_64bit\x64\release\ai_bmt_g.107b0b7e.tlog\cl.items.tlog
d:\ai-bmt\ai_bmt_gui_submitter_windows\ai_bmt_gui_submitter_windows_msvc2022_64bit\x64\release\ai_bmt_g.107b0b7e.tlog\cl.read.1.tlog
d:\ai-bmt\ai_bmt_gui_submitter_windows\ai_bmt_gui_submitter_windows_msvc2022_64bit\x64\release\ai_bmt_g.107b0b7e.tlog\cl.write.1.tlog
d:\ai-bmt\ai_bmt_gui_submitter_windows\ai_bmt_gui_submitter_windows_msvc2022_64bit\x64\release\ai_bmt_g.107b0b7e.tlog\link.command.1.tlog
d:\ai-bmt\ai_bmt_gui_submitter_windows\ai_bmt_gui_submitter_windows_msvc2022_64bit\x64\release\ai_bmt_g.107b0b7e.tlog\link.read.1.tlog
d:\ai-bmt\ai_bmt_gui_submitter_windows\ai_bmt_gui_submitter_windows_msvc2022_64bit\x64\release\ai_bmt_g.107b0b7e.tlog\link.secondary.1.tlog
d:\ai-bmt\ai_bmt_gui_submitter_windows\ai_bmt_gui_submitter_windows_msvc2022_64bit\x64\release\ai_bmt_g.107b0b7e.tlog\link.write.1.tlog
