d:\ai-bmt\ai_bmt_gui_submitter_windows\ai_bmt_gui_submitter_windows_msvc2022_64bit\x64\debug\vc143.pdb
d:\ai-bmt\ai_bmt_gui_submitter_windows\ai_bmt_gui_submitter_windows_msvc2022_64bit\x64\debug\vc143.idb
d:\ai-bmt\ai_bmt_gui_submitter_windows\ai_bmt_gui_submitter_windows_msvc2022_64bit\x64\debug\main.obj
d:\ai-bmt\ai_bmt_gui_submitter_windows\ai_bmt_gui_submitter_windows_msvc2022_64bit\x64\debug\objectdetection_implementation.obj
d:\ai-bmt\ai_bmt_gui_submitter_windows\ai_bmt_gui_submitter_windows_msvc2022_64bit\x64\debug\segmentation_implementation.obj
d:\ai-bmt\ai_bmt_gui_submitter_windows\ai_bmt_gui_submitter_windows_msvc2022_64bit\x64\debug\imageclassification_implementaion.obj
d:\ai-bmt\ai_bmt_gui_submitter_windows\ai_bmt_gui_submitter_windows_msvc2022_64bit\x64\debug\imageclassification_customdataset_interface_implementation.obj
d:\ai-bmt\ai_bmt_gui_submitter_windows\ai_bmt_gui_submitter_windows_msvc2022_64bit\x64\debug\llm_implementation.obj
d:\ai-bmt\ai_bmt_gui_submitter_windows\x64\debug\ai_bmt_gui_submitter_windows_msvc2022_64bit.exe
d:\ai-bmt\ai_bmt_gui_submitter_windows\x64\debug\ai_bmt_gui_submitter_windows_msvc2022_64bit.pdb
d:\ai-bmt\ai_bmt_gui_submitter_windows\x64\debug\ai_bmt_gui_submitter_windows_msvc2022_64bit.lib
d:\ai-bmt\ai_bmt_gui_submitter_windows\x64\debug\ai_bmt_gui_submitter_windows_msvc2022_64bit.exp
d:\ai-bmt\ai_bmt_gui_submitter_windows\ai_bmt_gui_submitter_windows_msvc2022_64bit\x64\debug\ai_bmt_gui_submitter_windows_msvc2022_64bit.ilk
d:\ai-bmt\ai_bmt_gui_submitter_windows\ai_bmt_gui_submitter_windows_msvc2022_64bit\x64\debug\image_classification_implementaion.obj
d:\ai-bmt\ai_bmt_gui_submitter_windows\ai_bmt_gui_submitter_windows_msvc2022_64bit\x64\debug\image_segmentation_implementation.obj
d:\ai-bmt\ai_bmt_gui_submitter_windows\ai_bmt_gui_submitter_windows_msvc2022_64bit\x64\debug\llm_decoder_implementation.obj
d:\ai-bmt\ai_bmt_gui_submitter_windows\ai_bmt_gui_submitter_windows_msvc2022_64bit\x64\debug\llm_encoder_implementation.obj
d:\ai-bmt\ai_bmt_gui_submitter_windows\ai_bmt_gui_submitter_windows_msvc2022_64bit\x64\debug\ai_bmt_g.107b0b7e.tlog\cl.command.1.tlog
d:\ai-bmt\ai_bmt_gui_submitter_windows\ai_bmt_gui_submitter_windows_msvc2022_64bit\x64\debug\ai_bmt_g.107b0b7e.tlog\cl.items.tlog
d:\ai-bmt\ai_bmt_gui_submitter_windows\ai_bmt_gui_submitter_windows_msvc2022_64bit\x64\debug\ai_bmt_g.107b0b7e.tlog\cl.read.1.tlog
d:\ai-bmt\ai_bmt_gui_submitter_windows\ai_bmt_gui_submitter_windows_msvc2022_64bit\x64\debug\ai_bmt_g.107b0b7e.tlog\cl.write.1.tlog
d:\ai-bmt\ai_bmt_gui_submitter_windows\ai_bmt_gui_submitter_windows_msvc2022_64bit\x64\debug\ai_bmt_g.107b0b7e.tlog\link.command.1.tlog
d:\ai-bmt\ai_bmt_gui_submitter_windows\ai_bmt_gui_submitter_windows_msvc2022_64bit\x64\debug\ai_bmt_g.107b0b7e.tlog\link.read.1.tlog
d:\ai-bmt\ai_bmt_gui_submitter_windows\ai_bmt_gui_submitter_windows_msvc2022_64bit\x64\debug\ai_bmt_g.107b0b7e.tlog\link.secondary.1.tlog
d:\ai-bmt\ai_bmt_gui_submitter_windows\ai_bmt_gui_submitter_windows_msvc2022_64bit\x64\debug\ai_bmt_g.107b0b7e.tlog\link.write.1.tlog
